[    0.000000] Linux version 4.15.0-122-generic (buildd@lgw01-amd64-036) (gcc version 7.5.0 (Ubuntu 7.5.0-3ubuntu1~18.04)) #124-Ubuntu SMP Thu Oct 15 13:03:05 UTC 2020 (Ubuntu 4.15.0-122.124-generic 4.15.18)
[    0.000000] Command line: BOOT_IMAGE=/boot/vmlinuz-4.15.0-122-generic root=UUID=5a482104-e6be-44b1-bc0e-80ded94432fc ro console=tty1 console=ttyS0
[    0.000000] KERNEL supported cpus:
[    0.000000]   Intel GenuineIntel
[    0.000000]   AMD AuthenticAMD
[    0.000000]   Centaur CentaurHauls
[    0.000000] [Firmware Bug]: TSC doesn't count with P0 frequency!
[    0.000000] x86/fpu: Supporting XSAVE feature 0x001: 'x87 floating point registers'
[    0.000000] x86/fpu: Supporting XSAVE feature 0x002: 'SSE registers'
[    0.000000] x86/fpu: Supporting XSAVE feature 0x004: 'AVX registers'
[    0.000000] x86/fpu: xstate_offset[2]:  576, xstate_sizes[2]:  256
[    0.000000] x86/fpu: Enabled xstate features 0x7, context size is 832 bytes, using 'standard' format.
[    0.000000] e820: BIOS-provided physical RAM map:
[    0.000000] BIOS-e820: [mem 0x0000000000000000-0x000000000009fbff] usable
[    0.000000] BIOS-e820: [mem 0x000000000009fc00-0x000000000009ffff] reserved
[    0.000000] BIOS-e820: [mem 0x00000000000f0000-0x00000000000fffff] reserved
[    0.000000] BIOS-e820: [mem 0x0000000000100000-0x000000003ffeffff] usable
[    0.000000] BIOS-e820: [mem 0x000000003fff0000-0x000000003fffffff] ACPI data
[    0.000000] BIOS-e820: [mem 0x00000000fec00000-0x00000000fec00fff] reserved
[    0.000000] BIOS-e820: [mem 0x00000000fee00000-0x00000000fee00fff] reserved
[    0.000000] BIOS-e820: [mem 0x00000000fffc0000-0x00000000ffffffff] reserved
[    0.000000] NX (Execute Disable) protection: active
[    0.000000] SMBIOS 2.5 present.
[    0.000000] DMI: innotek GmbH VirtualBox/VirtualBox, BIOS VirtualBox 12/01/2006
[    0.000000] Hypervisor detected: KVM
[    0.000000] e820: last_pfn = 0x3fff0 max_arch_pfn = 0x400000000
[    0.000000] MTRR: Disabled
[    0.000000] x86/PAT: MTRRs disabled, skipping PAT initialization too.
[    0.000000] CPU MTRRs all blank - virtualized system.
[    0.000000] x86/PAT: Configuration [0-7]: WB  WT  UC- UC  WB  WT  UC- UC  
[    0.000000] found SMP MP-table at [mem 0x0009fff0-0x0009ffff]
[    0.000000] Scanning 1 areas for low memory corruption
[    0.000000] RAMDISK: [mem 0x3595d000-0x36ca5fff]
[    0.000000] ACPI: Early table checksum verification disabled
[    0.000000] ACPI: RSDP 0x00000000000E0000 000024 (v02 VBOX  )
[    0.000000] ACPI: XSDT 0x000000003FFF0030 00003C (v01 VBOX   VBOXXSDT 00000001 ASL  00000061)
[    0.000000] ACPI: FACP 0x000000003FFF00F0 0000F4 (v04 VBOX   VBOXFACP 00000001 ASL  00000061)
[    0.000000] ACPI: DSDT 0x000000003FFF0470 002325 (v02 VBOX   VBOXBIOS 00000002 INTL 20100528)
[    0.000000] ACPI: FACS 0x000000003FFF0200 000040
[    0.000000] ACPI: FACS 0x000000003FFF0200 000040
[    0.000000] ACPI: APIC 0x000000003FFF0240 00005C (v02 VBOX   VBOXAPIC 00000001 ASL  00000061)
[    0.000000] ACPI: SSDT 0x000000003FFF02A0 0001CC (v01 VBOX   VBOXCPUT 00000002 INTL 20100528)
[    0.000000] No NUMA configuration found
[    0.000000] Faking a node at [mem 0x0000000000000000-0x000000003ffeffff]
[    0.000000] NODE_DATA(0) allocated [mem 0x3ffc5000-0x3ffeffff]
[    0.000000] kvm-clock: cpu 0, msr 0:3ff44001, primary cpu clock
[    0.000000] kvm-clock: Using msrs 4b564d01 and 4b564d00
[    0.000000] kvm-clock: using sched offset of 4066783225 cycles
[    0.000000] clocksource: kvm-clock: mask: 0xffffffffffffffff max_cycles: 0x1cd42e4dffb, max_idle_ns: 881590591483 ns
[    0.000000] Zone ranges:
[    0.000000]   DMA      [mem 0x0000000000001000-0x0000000000ffffff]
[    0.000000]   DMA32    [mem 0x0000000001000000-0x000000003ffeffff]
[    0.000000]   Normal   empty
[    0.000000]   Device   empty
[    0.000000] Movable zone start for each node
[    0.000000] Early memory node ranges
[    0.000000]   node   0: [mem 0x0000000000001000-0x000000000009efff]
[    0.000000]   node   0: [mem 0x0000000000100000-0x000000003ffeffff]
[    0.000000] Reserved but unavailable: 98 pages
[    0.000000] Initmem setup node 0 [mem 0x0000000000001000-0x000000003ffeffff]
[    0.000000] ACPI: PM-Timer IO Port: 0x4008
[    0.000000] IOAPIC[0]: apic_id 2, version 32, address 0xfec00000, GSI 0-23
[    0.000000] ACPI: INT_SRC_OVR (bus 0 bus_irq 0 global_irq 2 dfl dfl)
[    0.000000] ACPI: INT_SRC_OVR (bus 0 bus_irq 9 global_irq 9 low level)
[    0.000000] Using ACPI (MADT) for SMP configuration information
[    0.000000] smpboot: Allowing 2 CPUs, 0 hotplug CPUs
[    0.000000] PM: Registered nosave memory: [mem 0x00000000-0x00000fff]
[    0.000000] PM: Registered nosave memory: [mem 0x0009f000-0x0009ffff]
[    0.000000] PM: Registered nosave memory: [mem 0x000a0000-0x000effff]
[    0.000000] PM: Registered nosave memory: [mem 0x000f0000-0x000fffff]
[    0.000000] e820: [mem 0x40000000-0xfebfffff] available for PCI devices
[    0.000000] Booting paravirtualized kernel on KVM
[    0.000000] clocksource: refined-jiffies: mask: 0xffffffff max_cycles: 0xffffffff, max_idle_ns: 7645519600211568 ns
[    0.000000] random: get_random_bytes called from start_kernel+0x99/0x500 with crng_init=0
[    0.000000] setup_percpu: NR_CPUS:8192 nr_cpumask_bits:2 nr_cpu_ids:2 nr_node_ids:1
[    0.000000] percpu: Embedded 45 pages/cpu s147456 r8192 d28672 u1048576
[    0.000000] PV qspinlock hash table entries: 256 (order: 0, 4096 bytes)
[    0.000000] Built 1 zonelists, mobility grouping on.  Total pages: 257913
[    0.000000] Policy zone: DMA32
[    0.000000] Kernel command line: BOOT_IMAGE=/boot/vmlinuz-4.15.0-122-generic root=UUID=5a482104-e6be-44b1-bc0e-80ded94432fc ro console=tty1 console=ttyS0
[    0.000000] Memory: 982500K/1048120K available (12300K kernel code, 2482K rwdata, 4272K rodata, 2436K init, 2724K bss, 65620K reserved, 0K cma-reserved)
[    0.000000] SLUB: HWalign=64, Order=0-3, MinObjects=0, CPUs=2, Nodes=1
[    0.000000] ftrace: allocating 39402 entries in 154 pages
[    0.004000] Hierarchical RCU implementation.
[    0.004000] 	RCU restricting CPUs from NR_CPUS=8192 to nr_cpu_ids=2.
[    0.004000] 	Tasks RCU enabled.
[    0.004000] RCU: Adjusting geometry for rcu_fanout_leaf=16, nr_cpu_ids=2
[    0.004000] NR_IRQS: 524544, nr_irqs: 440, preallocated irqs: 16
[    0.004000] Console: colour VGA+ 80x25
[    0.004000] console [tty1] enabled
[    0.004000] console [ttyS0] enabled
[    0.004000] ACPI: Core revision 20170831
[    0.004000] ACPI: 2 ACPI AML tables successfully acquired and loaded
[    0.004000] APIC: Switch to symmetric I/O mode setup
[    0.004000] x2apic enabled
[    0.004000] Switched APIC routing to physical x2apic.
[    0.004000] ..TIMER: vector=0x30 apic1=0 pin1=2 apic2=-1 pin2=-1
[    0.004000] tsc: Detected 3593.248 MHz processor
[    0.004000] Calibrating delay loop (skipped) preset value.. 7186.49 BogoMIPS (lpj=14372992)
[    0.004000] pid_max: default: 32768 minimum: 301
[    0.004000] Security Framework initialized
[    0.004000] Yama: becoming mindful.
[    0.004000] AppArmor: AppArmor initialized
[    0.004000] Dentry cache hash table entries: 131072 (order: 8, 1048576 bytes)
[    0.004000] Inode-cache hash table entries: 65536 (order: 7, 524288 bytes)
[    0.004000] Mount-cache hash table entries: 2048 (order: 2, 16384 bytes)
[    0.004000] Mountpoint-cache hash table entries: 2048 (order: 2, 16384 bytes)
[    0.004000] Last level iTLB entries: 4KB 1024, 2MB 1024, 4MB 512
[    0.004000] Last level dTLB entries: 4KB 1536, 2MB 1536, 4MB 768, 1GB 0
[    0.004000] Spectre V1 : Mitigation: usercopy/swapgs barriers and __user pointer sanitization
[    0.004000] Spectre V2 : Spectre mitigation: LFENCE not serializing, switching to generic retpoline
[    0.004000] Spectre V2 : Mitigation: Full generic retpoline
[    0.004000] Spectre V2 : Spectre v2 / SpectreRSB mitigation: Filling RSB on context switch
[    0.004000] Speculative Store Bypass: Mitigation: Speculative Store Bypass disabled via prctl and seccomp
[    0.004000] Freeing SMP alternatives memory: 36K
[    0.128003] APIC calibration not consistent with PM-Timer: 124ms instead of 100ms
[    0.129119] APIC delta adjusted to PM-Timer: 6283123 (7794918)
[    0.130259] smpboot: CPU0: AMD Ryzen 5 1600X Six-Core Processor (family: 0x17, model: 0x1, stepping: 0x1)
[    0.131535] Performance Events: PMU not available due to virtualization, using software events only.
[    0.132000] Hierarchical SRCU implementation.
[    0.132000] NMI watchdog: Perf event create on CPU 0 failed with -2
[    0.132002] NMI watchdog: Perf NMI watchdog permanently disabled
[    0.132777] smp: Bringing up secondary CPUs ...
[    0.133421] x86: Booting SMP configuration:
[    0.134194] .... node  #0, CPUs:      #1
[    0.004000] kvm-clock: cpu 1, msr 0:3ff44041, secondary cpu clock
[    0.136020] smp: Brought up 1 node, 2 CPUs
[    0.136527] smpboot: Max logical packages: 1
[    0.137074] smpboot: Total of 2 processors activated (14372.99 BogoMIPS)
[    0.140049] devtmpfs: initialized
[    0.140492] x86/mm: Memory block size: 128MB
[    0.141231] evm: security.selinux
[    0.141888] evm: security.SMACK64
[    0.142384] evm: security.SMACK64EXEC
[    0.142865] evm: security.SMACK64TRANSMUTE
[    0.143385] evm: security.SMACK64MMAP
[    0.143862] evm: security.apparmor
[    0.144000] evm: security.ima
[    0.144000] evm: security.capability
[    0.144057] clocksource: jiffies: mask: 0xffffffff max_cycles: 0xffffffff, max_idle_ns: 7645041785100000 ns
[    0.145282] futex hash table entries: 512 (order: 3, 32768 bytes)
[    0.145282] pinctrl core: initialized pinctrl subsystem
[    0.148000] RTC time: 19:20:34, date: 10/28/20
[    0.148000] NET: Registered protocol family 16
[    0.148000] audit: initializing netlink subsys (disabled)
[    0.148028] audit: type=2000 audit(1603912840.386:1): state=initialized audit_enabled=0 res=1
[    0.152019] cpuidle: using governor ladder
[    0.152548] cpuidle: using governor menu
[    0.152720] ACPI: bus type PCI registered
[    0.152720] acpiphp: ACPI Hot Plug PCI Controller Driver version: 0.5
[    0.153479] PCI: Using configuration type 1 for base access
[    0.154206] PCI: Using configuration type 1 for extended access
[    0.156258] HugeTLB registered 2.00 MiB page size, pre-allocated 0 pages
[    0.156844] ACPI: Added _OSI(Module Device)
[    0.156844] ACPI: Added _OSI(Processor Device)
[    0.157224] ACPI: Added _OSI(3.0 _SCP Extensions)
[    0.157832] ACPI: Added _OSI(Processor Aggregator Device)
[    0.160007] ACPI: Added _OSI(Linux-Dell-Video)
[    0.160598] ACPI: Added _OSI(Linux-Lenovo-NV-HDMI-Audio)
[    0.161279] ACPI: Added _OSI(Linux-HPI-Hybrid-Graphics)
[    0.162192] ACPI: Executed 1 blocks of module-level executable AML code
[    0.166620] ACPI: Interpreter enabled
[    0.167128] ACPI: (supports S0 S5)
[    0.168002] ACPI: Using IOAPIC for interrupt routing
[    0.168841] PCI: Using host bridge windows from ACPI; if necessary, use "pci=nocrs" and report a bug
[    0.170135] ACPI: Enabled 2 GPEs in block 00 to 07
[    0.176897] ACPI: PCI Root Bridge [PCI0] (domain 0000 [bus 00-ff])
[    0.177695] acpi PNP0A03:00: _OSC: OS supports [ExtendedConfig ASPM ClockPM Segments MSI]
[    0.179587] acpi PNP0A03:00: _OSC: platform does not support [PCIeCapability]
[    0.180414] acpi PNP0A03:00: _OSC: not requesting control; platform does not support [PCIeCapability]
[    0.181593] acpi PNP0A03:00: _OSC: OS requested [PCIeHotplug PME AER PCIeCapability]
[    0.182603] acpi PNP0A03:00: _OSC: platform willing to grant [PCIeHotplug PME AER]
[    0.184002] acpi PNP0A03:00: _OSC failed (AE_SUPPORT); disabling ASPM
[    0.185158] PCI host bridge to bus 0000:00
[    0.186146] pci_bus 0000:00: root bus resource [io  0x0000-0x0cf7 window]
[    0.188002] pci_bus 0000:00: root bus resource [io  0x0d00-0xffff window]
[    0.188855] pci_bus 0000:00: root bus resource [mem 0x000a0000-0x000bffff window]
[    0.189870] pci_bus 0000:00: root bus resource [mem 0x40000000-0xfdffffff window]
[    0.190825] pci_bus 0000:00: root bus resource [bus 00-ff]
[    0.193651] pci 0000:00:01.1: legacy IDE quirk: reg 0x10: [io  0x01f0-0x01f7]
[    0.194563] pci 0000:00:01.1: legacy IDE quirk: reg 0x14: [io  0x03f6]
[    0.196002] pci 0000:00:01.1: legacy IDE quirk: reg 0x18: [io  0x0170-0x0177]
[    0.196891] pci 0000:00:01.1: legacy IDE quirk: reg 0x1c: [io  0x0376]
[    0.208568] pci 0000:00:07.0: quirk: [io  0x4000-0x403f] claimed by PIIX4 ACPI
[    0.209569] pci 0000:00:07.0: quirk: [io  0x4100-0x410f] claimed by PIIX4 SMB
[    0.215109] ACPI: PCI Interrupt Link [LNKA] (IRQs 5 9 10 *11)
[    0.216269] ACPI: PCI Interrupt Link [LNKB] (IRQs 5 9 *10 11)
[    0.217111] ACPI: PCI Interrupt Link [LNKC] (IRQs 5 *9 10 11)
[    0.217943] ACPI: PCI Interrupt Link [LNKD] (IRQs 5 9 10 *11)
[    0.220249] SCSI subsystem initialized
[    0.220795] pci 0000:00:02.0: vgaarb: setting as boot VGA device
[    0.220795] pci 0000:00:02.0: vgaarb: VGA device added: decodes=io+mem,owns=io+mem,locks=none
[    0.221858] pci 0000:00:02.0: vgaarb: bridge control possible
[    0.224014] vgaarb: loaded
[    0.224424] ACPI: bus type USB registered
[    0.224969] usbcore: registered new interface driver usbfs
[    0.225686] usbcore: registered new interface driver hub
[    0.228002] usbcore: registered new device driver usb
[    0.228014] EDAC MC: Ver: 3.0.0
[    0.228618] PCI: Using ACPI for IRQ routing
[    0.228810] NetLabel: Initializing
[    0.229281] NetLabel:  domain hash size = 128
[    0.229853] NetLabel:  protocols = UNLABELED CIPSOv4 CALIPSO
[    0.230604] NetLabel:  unlabeled traffic allowed by default
[    0.232054] clocksource: Switched to clocksource kvm-clock
[    0.280112] VFS: Disk quotas dquot_6.6.0
[    0.280872] VFS: Dquot-cache hash table entries: 512 (order 0, 4096 bytes)
[    0.281848] AppArmor: AppArmor Filesystem Enabled
[    0.282532] pnp: PnP ACPI init
[    0.283893] pnp: PnP ACPI: found 3 devices
[    0.292194] clocksource: acpi_pm: mask: 0xffffff max_cycles: 0xffffff, max_idle_ns: 2085701024 ns
[    0.293347] NET: Registered protocol family 2
[    0.294000] TCP established hash table entries: 8192 (order: 4, 65536 bytes)
[    0.294866] TCP bind hash table entries: 8192 (order: 5, 131072 bytes)
[    0.296188] TCP: Hash tables configured (established 8192 bind 8192)
[    0.309632] UDP hash table entries: 512 (order: 2, 16384 bytes)
[    0.310418] UDP-Lite hash table entries: 512 (order: 2, 16384 bytes)
[    0.311271] NET: Registered protocol family 1
[    0.311875] pci 0000:00:00.0: Limiting direct PCI/PCI transfers
[    0.312722] pci 0000:00:01.0: Activating ISA DMA hang workarounds
[    0.313549] pci 0000:00:02.0: Video device with shadowed ROM at [mem 0x000c0000-0x000dffff]
[    0.314722] Unpacking initramfs...
[    0.900170] Freeing initrd memory: 19748K
[    0.900834] clocksource: tsc: mask: 0xffffffffffffffff max_cycles: 0x33cb68e6ea4, max_idle_ns: 440795288133 ns
[    0.902135] platform rtc_cmos: registered platform RTC device (no PNP device found)
[    0.903299] Scanning for low memory corruption every 60 seconds
[    0.904702] Initialise system trusted keyrings
[    0.905288] Key type blacklist registered
[    0.905894] workingset: timestamp_bits=36 max_order=18 bucket_order=0
[    0.907356] zbud: loaded
[    0.908181] squashfs: version 4.0 (2009/01/31) Phillip Lougher
[    0.909128] fuse init (API version 7.26)
[    0.912381] Key type asymmetric registered
[    0.912899] Asymmetric key parser 'x509' registered
[    0.913621] Block layer SCSI generic (bsg) driver version 0.4 loaded (major 246)
[    0.914589] io scheduler noop registered
[    0.915135] io scheduler deadline registered
[    0.915692] io scheduler cfq registered (default)
[    0.916628] ACPI: AC Adapter [AC] (on-line)
[    0.917392] input: Power Button as /devices/LNXSYSTM:00/LNXPWRBN:00/input/input0
[    0.918347] ACPI: Power Button [PWRF]
[    0.918869] input: Sleep Button as /devices/LNXSYSTM:00/LNXSLPBN:00/input/input1
[    0.919811] ACPI: Sleep Button [SLPF]
[    0.920548] Serial: 8250/16550 driver, 32 ports, IRQ sharing enabled
[    0.941848] 00:02: ttyS0 at I/O 0x3f8 (irq = 4, base_baud = 115200) is a 16550A
[    0.945133] Linux agpgart interface v0.103
[    0.961457] loop: module loaded
[    0.962463] scsi host0: ata_piix
[    0.963051] scsi host1: ata_piix
[    0.963520] ata1: PATA max UDMA/33 cmd 0x1f0 ctl 0x3f6 bmdma 0xd000 irq 14
[    0.964387] ata2: PATA max UDMA/33 cmd 0x170 ctl 0x376 bmdma 0xd008 irq 15
[    0.965462] libphy: Fixed MDIO Bus: probed
[    0.966037] tun: Universal TUN/TAP device driver, 1.6
[    0.966744] PPP generic driver version 2.4.2
[    0.967355] ehci_hcd: USB 2.0 'Enhanced' Host Controller (EHCI) Driver
[    0.968158] ehci-pci: EHCI PCI platform driver
[    0.968765] ehci-platform: EHCI generic platform driver
[    0.969428] ohci_hcd: USB 1.1 'Open' Host Controller (OHCI) Driver
[    0.970193] ohci-pci: OHCI PCI platform driver
[    0.970768] ohci-platform: OHCI generic platform driver
[    0.971427] uhci_hcd: USB Universal Host Controller Interface driver
[    0.972249] i8042: PNP: PS/2 Controller [PNP0303:PS2K,PNP0f03:PS2M] at 0x60,0x64 irq 1,12
[    0.973736] serio: i8042 KBD port at 0x60,0x64 irq 1
[    0.974402] serio: i8042 AUX port at 0x60,0x64 irq 12
[    0.975156] mousedev: PS/2 mouse device common for all mice
[    0.976145] input: AT Translated Set 2 keyboard as /devices/platform/i8042/serio0/input/input2
[    0.977535] rtc_cmos rtc_cmos: rtc core: registered rtc_cmos as rtc0
[    0.978367] rtc_cmos rtc_cmos: alarms up to one day, 114 bytes nvram
[    0.979149] i2c /dev entries driver
[    0.979676] device-mapper: uevent: version 1.0.3
[    0.980377] device-mapper: ioctl: 4.37.0-ioctl (2017-09-20) initialised: dm-devel@redhat.com
[    0.981471] ledtrig-cpu: registered to indicate activity on CPUs
[    0.982649] NET: Registered protocol family 10
[    0.985859] Segment Routing with IPv6
[    0.986480] NET: Registered protocol family 17
[    0.987233] Key type dns_resolver registered
[    0.987941] mce: Using 0 MCE banks
[    0.988428] RAS: Correctable Errors collector initialized.
[    0.989096] sched_clock: Marking stable (988413549, 0)->(1165557653, -177144104)
[    0.990398] registered taskstats version 1
[    0.990924] Loading compiled-in X.509 certificates
[    0.993284] Loaded X.509 cert 'Build time autogenerated kernel key: 1ac9abf9980c816fb9cfffb58ec8b2f33f2baf04'
[    0.994617] zswap: loaded using pool lzo/zbud
[    0.997639] Key type big_key registered
[    0.998153] Key type trusted registered
[    0.999914] Key type encrypted registered
[    1.000624] AppArmor: AppArmor sha1 policy hashing enabled
[    1.001312] ima: No TPM chip found, activating TPM-bypass! (rc=-19)
[    1.002075] ima: Allocated hash algorithm: sha1
[    1.002655] evm: HMAC attrs: 0x1
[    1.003234]   Magic number: 8:417:345
[    1.003725] tty tty62: hash matches
[    1.004277] rtc_cmos rtc_cmos: setting system clock to 2020-10-28 19:20:35 UTC (1603912835)
[    1.005382] BIOS EDD facility v0.16 2004-Jun-25, 0 devices found
[    1.006119] EDD information not available.
[    1.150052] Freeing unused kernel image memory: 2436K
[    1.843433] Write protecting the kernel read-only data: 20480k
[    1.844736] Freeing unused kernel image memory: 2008K
[    1.845649] Freeing unused kernel image memory: 1872K
[    1.852797] x86/mm: Checked W+X mappings: passed, no W+X pages found.
Loading, please wait...
starting version 237
[    1.909084] Fusion MPT base driver 3.04.20
[    1.909670] Copyright (c) 1999-2008 LSI Corporation
[    1.910577] e1000: Intel(R) PRO/1000 Network Driver - version 7.3.21-k8-NAPI
[    1.911559] e1000: Copyright (c) 1999-2006 Intel Corporation.
[    1.914156] Fusion MPT SPI Host driver 3.04.20
[    1.925916] AVX2 version of gcm_enc/dec engaged.
[    1.926597] AES CTR mode by8 optimization enabled
[    2.127190] input: ImExPS/2 Generic Explorer Mouse as /devices/platform/i8042/serio1/input/input4
[    2.752638] e1000 0000:00:03.0 eth0: (PCI:33MHz:32-bit) 02:8a:e8:1b:bb:fd
[    2.753651] e1000 0000:00:03.0 eth0: Intel(R) PRO/1000 Network Connection
[    2.755505] e1000 0000:00:03.0 enp0s3: renamed from eth0
[    2.756373] mptbase: ioc0: Initiating bringup
[    2.852249] ioc0: LSI53C1030 A0: Capabilities={Initiator}
[    3.093261] scsi host2: ioc0: LSI53C1030 A0, FwRev=00000000h, Ports=1, MaxQ=256, IRQ=20
[    4.180642] scsi 2:0:0:0: Direct-Access     VBOX     HARDDISK         1.0  PQ: 0 ANSI: 5
[    4.208876] scsi target2:0:0: Beginning Domain Validation
[    4.210304] scsi target2:0:0: Domain Validation skipping write tests
[    4.211116] scsi target2:0:0: Ending Domain Validation
[    4.212094] scsi target2:0:0: asynchronous
[    4.212866] scsi 2:0:1:0: Direct-Access     VBOX     HARDDISK         1.0  PQ: 0 ANSI: 5
[    4.860041] scsi target2:0:1: Beginning Domain Validation
[    4.861741] random: fast init done
[    4.862265] scsi target2:0:1: Domain Validation skipping write tests
[    4.863045] scsi target2:0:1: Ending Domain Validation
[    4.863734] scsi target2:0:1: asynchronous
[    4.867136] random: systemd-udevd: uninitialized urandom read (16 bytes read)
[    4.867324] sd 2:0:0:0: [sda] 20971520 512-byte logical blocks: (10.7 GB/10.0 GiB)
[    4.868042] random: systemd-udevd: uninitialized urandom read (16 bytes read)
[    4.869054] sd 2:0:0:0: [sda] Write Protect is off
[    4.869867] random: systemd-udevd: uninitialized urandom read (16 bytes read)
[    4.871419] sd 2:0:0:0: [sda] Incomplete mode parameter data
[    4.872835] sd 2:0:0:0: [sda] Assuming drive cache: write through
[    4.872858] sd 2:0:0:0: Attached scsi generic sg0 type 0
[    4.874633] sd 2:0:1:0: Attached scsi generic sg1 type 0
[    4.875466] sd 2:0:1:0: [sdb] 20480 512-byte logical blocks: (10.5 MB/10.0 MiB)
[    4.875746]  sda: sda1
[    4.876911] sd 2:0:1:0: [sdb] Write Protect is off
[    4.877462] sd 2:0:0:0: [sda] Attached SCSI disk
[    4.878355] sd 2:0:1:0: [sdb] Incomplete mode parameter data
[    4.879208] sd 2:0:1:0: [sdb] Assuming drive cache: write through
[    4.881704] sd 2:0:1:0: [sdb] Attached SCSI disk
Begin: Loading essential drivers ... [    6.276395] raid6: sse2x1   gen()  7423 MB/s
[    6.324706] raid6: sse2x1   xor()  7388 MB/s
[    6.373304] raid6: sse2x2   gen() 15383 MB/s
[    6.421226] raid6: sse2x2   xor() 10164 MB/s
[    6.468251] raid6: sse2x4   gen() 16135 MB/s
[    6.518147] raid6: sse2x4   xor()  9033 MB/s
[    6.564318] raid6: avx2x1   gen() 16536 MB/s
[    6.613263] raid6: avx2x1   xor() 13019 MB/s
[    6.660437] raid6: avx2x2   gen() 21744 MB/s
[    6.709311] raid6: avx2x2   xor() 14224 MB/s
[    6.756352] raid6: avx2x4   gen() 21570 MB/s
[    6.805921] raid6: avx2x4   xor() 12271 MB/s
[    6.806633] raid6: using algorithm avx2x2 gen() 21744 MB/s
[    6.807512] raid6: .... xor() 14224 MB/s, rmw enabled
[    6.808421] raid6: using avx2x2 recovery algorithm
[    6.810072] xor: automatically using best checksumming function   avx       
[    6.812071] async_tx: api initialized (async)
done.
Begin: Running /scripts/init-premount ... done.
Begin: Mounting root file system ... Begin: Running /scripts/local-top ... done.
Begin: Running /scripts/local-premount ... [    6.848404] Btrfs loaded, crc32c=crc32c-intel
Scanning for Btrfs filesystems
done.
Warning: fsck not present, so skipping root file system
[    6.875592] EXT4-fs (sda1): INFO: recovery required on readonly filesystem
[    6.876569] EXT4-fs (sda1): write access will be enabled during recovery
[    6.895137] EXT4-fs (sda1): orphan cleanup on readonly fs
[    6.901558] EXT4-fs (sda1): 2 orphan inodes deleted
[    6.902398] EXT4-fs (sda1): recovery complete
[    6.910179] EXT4-fs (sda1): mounted filesystem with ordered data mode. Opts: (null)
done.
Begin: Running /scripts/local-bottom ... done.
Begin: Running /scripts/init-bottom ... done.
[    7.104273] ip_tables: (C) 2000-2006 Netfilter Core Team
[    7.119587] systemd[1]: systemd 237 running in system mode. (+PAM +AUDIT +SELINUX +IMA +APPARMOR +SMACK +SYSVINIT +UTMP +LIBCRYPTSETUP +GCRYPT +GNUTLS +ACL +XZ +LZ4 +SECCOMP +BLKID +ELFUTILS +KMOD -IDN2 +IDN -PCRE2 default-hierarchy=hybrid)
[    7.122224] systemd[1]: Detected virtualization oracle.
[    7.122905] systemd[1]: Detected architecture x86-64.

Welcome to [1mUbuntu 18.04.5 LTS[0m!

[    7.128458] systemd[1]: Set hostname to <ubuntu-bionic>.
[    7.433269] systemd[1]: Started Forward Password Requests to Wall Directory Watch.
[[0;32m  OK  [0m] Started Forward Password Requests to Wall Directory Watch.
[    7.435126] systemd[1]: Reached target Swap.
[[0;32m  OK  [0m] Reached target Swap.
[    7.436064] systemd[1]: Reached target System Time Synchronized.
[[0;32m  OK  [0m] Reached target System Time Synchronized.
[    7.645789] systemd[1]: Set up automount Arbitrary Executable File Formats File System Automount Point.
[[0;32m  OK  [0m] Set up automount Arbitrary Executabâ€¦rmats File System Automount Point.
[    7.648506] systemd[1]: Reached target User and Group Name Lookups.
[[0;32m  OK  [0m] Reached target User and Group Name Lookups.
[    7.650919] systemd[1]: Created slice System Slice.
[[0;32m  OK  [0m] Created slice System Slice.
[[0;32m  OK  [0m] Listening on LVM2 poll daemon socket.
[[0;32m  OK  [0m] Listening on /dev/initctl Compatibility Named Pipe.
[[0;32m  OK  [0m] Listening on udev Kernel Socket.
[[0;32m  OK  [0m] Listening on Journal Socket (/dev/log).
[[0;32m  OK  [0m] Listening on Journal Audit Socket.
[[0;32m  OK  [0m] Listening on Device-mapper event daemon FIFOs.
[[0;32m  OK  [0m] Created slice system-serial\x2dgetty.slice.
[[0;32m  OK  [0m] Listening on Network Service Netlink Socket.
[[0;32m  OK  [0m] Listening on Journal Socket.
         Mounting POSIX Message Queue File System...
         Mounting Kernel Debug File System...
         Starting Set the console keyboard layout...
         Mounting Huge Pages File System...
         Starting Remount Root and Kernel File Systems...
[[0;32m  OK  [0m] Listening on Syslog Socket.
         Starting Journal Service...
         Starting Create list of required stâ€¦ce nodes for the current kernel...
         Starting Uncomplicated firewall...
         Starting Load Kernel Modules...
[[0;32m  OK  [0m] Listening on LVM2 metadata daemon socket.
         Starting Monitoring of LVM2 mirrorsâ€¦ng dmeventd or progress polling...
[[0;32m  OK  [0m] Listening on udev Control Socket.
         Starting udev Coldplug all Devices...
[[0;32m  OK  [0m] Created slice User and Session Slice.
[[0;32m  OK  [0m] Reached target Slices.
[[0;32m  OK  [0m] Started Journal Service.
[[0;32m  OK  [0m] Mounted POSIX Message Queue File System.
[[0;32m  OK  [0m] Mounted Kernel Debug File System.
[[0;32m  OK  [0m] Mounted Huge Pages File System.
[[0;32m  OK  [0m] Started Create list of required staâ€¦vice nodes for the current kernel.
[[0;32m  OK  [0m] Started Uncomplicated firewall.
         Starting Create Static Device Nodes in /dev...
[    7.741183] EXT4-fs (sda1): re-mounted. Opts: (null)
[[0;32m  OK  [0m] Started Remount Root and Kernel File Systems.
         Starting Load/Save Random Seed...
         Starting Flush Journal to Persistent Storage...
[[0;32m  OK  [0m] Started Create Static Device Nodes in /dev.
[[0;32m  OK  [0m] Started udev Coldplug all Devices.
         Starting udev Kernel Device Manager...
[    7.814121] Loading iSCSI transport class v2.0-870.
[    7.819929] iscsi: registered transport (tcp)
[[0;32m  OK  [0m] Started LVM2 metadata daemon.
[    7.868110] systemd-journald[407]: Received request to flush runtime journal from PID 1
[    7.898944] iscsi: registered transport (iser)
[[0;32m  OK  [0m] Started Load Kernel Modules.
         Mounting Kernel Configuration File System...
         Mounting FUSE Control File System...
         Starting Apply Kernel Variables...
[[0;32m  OK  [0m] Mounted Kernel Configuration File System.
[[0;32m  OK  [0m] Mounted FUSE Control File System.
[[0;32m  OK  [0m] Started Load/Save Random Seed.
[[0;32m  OK  [0m] Started udev Kernel Device Manager.
[[0;32m  OK  [0m] Started Set the console keyboard layout.
[[0;32m  OK  [0m] Started Dispatch Password Requests to Console Directory Watch.
[[0;32m  OK  [0m] Reached target Local Encrypted Volumes.
[[0;32m  OK  [0m] Started Apply Kernel Variables.
[[0;32m  OK  [0m] Started Monitoring of LVM2 mirrors,â€¦sing dmeventd or progress polling.
[[0;32m  OK  [0m] Reached target Local File Systems (Pre).
[[0;32m  OK  [0m] Reached target Local File Systems.
         Starting AppArmor initialization...
         Starting ebtables ruleset management...
         Starting Tell Plymouth To Write Out Runtime Data...
         Starting Set console font and keymap...
         Mounting /vagrant...
[[0;32m  OK  [0m] Started Tell Plymouth To Write Out Runtime Data.
[[0;32m  OK  [0m] Started Set console font and keymap.
[[0;32m  OK  [0m] Mounted /vagrant.
[[0;32m  OK  [0m] Started ebtables ruleset management.
[[0;32m  OK  [0m] Started Flush Journal to Persistent Storage.
         Starting Create Volatile Files and Directories...
[[0;32m  OK  [0m] Found device /dev/ttyS0.
[[0;32m  OK  [0m] Started Create Volatile Files and Directories.
         Starting Update UTMP about System Boot/Shutdown...
[[0;32m  OK  [0m] Started Update UTMP about System Boot/Shutdown.
[[0;32m  OK  [0m] Listening on Load/Save RF Kill Switch Status /dev/rfkill Watch.
[[0;32m  OK  [0m] Started AppArmor initialization.
         Starting Load AppArmor profiles managed internally by snapd...
         Starting Initial cloud-init job (pre-networking)...
[[0;32m  OK  [0m] Started Load AppArmor profiles managed internally by snapd.
[    9.865576] cloud-init[551]: Cloud-init v. 20.2-45-g5f7825e2-0ubuntu1~18.04.1 running 'init-local' at Wed, 28 Oct 2020 19:20:44 +0000. Up 9.70 seconds.
[[0;32m  OK  [0m] Started Initial cloud-init job (pre-networking).
[[0;32m  OK  [0m] Reached target Network (Pre).
         Starting Network Service...
[[0;32m  OK  [0m] Started Network Service.
         Starting Network Name Resolution...
         Starting Wait for Network to be Configured...
[[0;32m  OK  [0m] Started Network Name Resolution.
[[0;32m  OK  [0m] Reached target Network.
[[0;32m  OK  [0m] Reached target Host and Network Name Lookups.
[[0;32m  OK  [0m] Started Wait for Network to be Configured.
         Starting Initial cloud-init job (metadata service crawler)...
[   11.756733] cloud-init[673]: Cloud-init v. 20.2-45-g5f7825e2-0ubuntu1~18.04.1 running 'init' at Wed, 28 Oct 2020 19:20:46 +0000. Up 11.63 seconds.
[   11.759152] cloud-init[673]: ci-info: ++++++++++++++++++++++++++++++++++++++Net device info++++++++++++++++++++++++++++++++++++++
[   11.760381] cloud-init[673]: ci-info: +--------+------+----------------------------+---------------+--------+-------------------+
[   11.761528] cloud-init[673]: ci-info: | Device |  Up  |          Address           |      Mask     | Scope  |     Hw-Address    |
[   11.762683] cloud-init[673]: ci-info: +--------+------+----------------------------+---------------+--------+-------------------+
[   11.763877] cloud-init[673]: ci-info: | enp0s3 | True |         10.0.2.15          | 255.255.255.0 | global | 02:8a:e8:1b:bb:fd |
[   11.765062] cloud-init[673]: ci-info: | enp0s3 | True | fe80::8a:e8ff:fe1b:bbfd/64 |       .       |  link  | 02:8a:e8:1b:bb:fd |
[   11.766169] cloud-init[673]: ci-info: |   lo   | True |         127.0.0.1          |   255.0.0.0   |  host  |         .         |
[   11.767226] cloud-init[673]: ci-info: |   lo   | True |          ::1/128           |       .       |  host  |         .         |
[   11.769106] cloud-init[673]: ci-info: +--------+------+----------------------------+---------------+--------+-------------------+
[   11.783853] cloud-init[673]: ci-info: ++++++++++++++++++++++++++++Route IPv4 info+++++++++++++++++++++++++++++
[   11.784958] cloud-init[673]: ci-info: +-------+-------------+----------+-----------------+-----------+-------+
[   11.785981] cloud-init[673]: ci-info: | Route | Destination | Gateway  |     Genmask     | Interface | Flags |
[   11.786961] cloud-init[673]: ci-info: +-------+-------------+----------+-----------------+-----------+-------+
[   11.788144] cloud-init[673]: ci-info: |   0   |   0.0.0.0   | 10.0.2.2 |     0.0.0.0     |   enp0s3  |   UG  |
[   11.789321] cloud-init[673]: ci-info: |   1   |   10.0.2.0  | 0.0.0.0  |  255.255.255.0  |   enp0s3  |   U   |
[   11.790438] cloud-init[673]: ci-info: |   2   |   10.0.2.2  | 0.0.0.0  | 255.255.255.255 |   enp0s3  |   UH  |
[   11.791643] cloud-init[673]: ci-info: +-------+-------------+----------+-----------------+-----------+-------+
[   11.792681] cloud-init[673]: ci-info: +++++++++++++++++++Route IPv6 info+++++++++++++++++++
[   11.793535] cloud-init[673]: ci-info: +-------+-------------+---------+-----------+-------+
[   11.794483] cloud-init[673]: ci-info: | Route | Destination | Gateway | Interface | Flags |
[   11.808210] cloud-init[673]: ci-info: +-------+-------------+---------+-----------+-------+
[   11.809099] cloud-init[673]: ci-info: |   1   |  fe80::/64  |    ::   |   enp0s3  |   U   |
[   11.810106] cloud-init[673]: ci-info: |   3   |    local    |    ::   |   enp0s3  |   U   |
[   11.810964] cloud-init[673]: ci-info: |   4   |   ff00::/8  |    ::   |   enp0s3  |   U   |
[   11.811838] cloud-init[673]: ci-info: +-------+-------------+---------+-----------+-------+
[[0;32m  OK  [0m] Started Initial cloud-init job (metadata service crawler).
[[0;32m  OK  [0m] Reached target Network is Online.
         Starting Availability of block devices...
[[0;32m  OK  [0m] Reached target Remote File Systems (Pre).
[[0;32m  OK  [0m] Reached target Remote File Systems.
[[0;32m  OK  [0m] Reached target Cloud-config availability.
[[0;32m  OK  [0m] Reached target System Initialization.
[[0;32m  OK  [0m] Started Daily Cleanup of Temporary Directories.
[[0;32m  OK  [0m] Listening on D-Bus System Message Bus Socket.
         Starting LXD - unix socket.
         Starting Socket activation for snappy daemon.
[[0;32m  OK  [0m] Started Message of the Day.
[[0;32m  OK  [0m] Started Daily apt download activities.
[[0;32m  OK  [0m] Listening on Open-iSCSI iscsid Socket.
[[0;32m  OK  [0m] Listening on ACPID Listen Socket.
[[0;32m  OK  [0m] Started Daily apt upgrade and clean activities.
[[0;32m  OK  [0m] Started Discard unused blocks once a week.
[[0;32m  OK  [0m] Reached target Timers.
[[0;32m  OK  [0m] Started ACPI Events Check.
[[0;32m  OK  [0m] Reached target Paths.
[[0;32m  OK  [0m] Listening on UUID daemon activation socket.
[[0;32m  OK  [0m] Listening on LXD - unix socket.
[[0;32m  OK  [0m] Listening on Socket activation for snappy daemon.
[[0;32m  OK  [0m] Reached target Sockets.
[[0;32m  OK  [0m] Reached target Basic System.
         Starting Accounts Service...
[[0;32m  OK  [0m] Started Deferred execution scheduler.
         Starting Message of the Day...
         Starting LSB: Record successful boot for GRUB...
         Starting Dispatcher daemon for systemd-networkd...
         Starting Virtualbox guest utils...
         Starting Login Service...
[[0;32m  OK  [0m] Started FUSE filesystem for LXC.
         Starting System Logging Service...
         Starting LSB: automatic crash report generation...
[[0;32m  OK  [0m] Started D-Bus System Message Bus.
[[0;32m  OK  [0m] Started irqbalance daemon.
         Starting OpenBSD Secure Shell server...
[[0;32m  OK  [0m] Started Regular background program processing daemon.
         Starting Permit User Sessions...
         Starting Snap Daemon...
         Starting LXD - container startup/shutdown...
[[0;32m  OK  [0m] Started System Logging Service.
[[0;32m  OK  [0m] Started Availability of block devices.
[[0;32m  OK  [0m] Started Permit User Sessions.
[[0;32m  OK  [0m] Started Login Service.
         Starting Authorization Manager...
[[0;32m  OK  [0m] Started Unattended Upgrades Shutdown.
         Starting Hold until boot process finishes up...
         Starting Terminate Plymouth Boot Screen...
[[0;32m  OK  [0m] Started Hold until boot process finishes up.
         Starting Set console scheme...
[[0;32m  OK  [0m] Started Serial Getty on ttyS0.
[[0;32m  OK  [0m] Started Terminate Plymouth Boot Screen.
[[0;32m  OK  [0m] Started OpenBSD Secure Shell server.
[[0;32m  OK  [0m] Started Set console scheme.
[[0;32m  OK  [0m] Created slice system-getty.slice.
[[0;32m  OK  [0m] Started Getty on tty1.
[[0;32m  OK  [0m] Reached target Login Prompts.
[[0;32m  OK  [0m] Started LSB: automatic crash report generation.
[[0;32m  OK  [0m] Started Authorization Manager.
[[0;32m  OK  [0m] Started Accounts Service.
[[0;32m  OK  [0m] Started LSB: Record successful boot for GRUB.
[[0;32m  OK  [0m] Started Virtualbox guest utils.
[[0;32m  OK  [0m] Started LXD - container startup/shutdown.
[[0;32m  OK  [0m] Started Dispatcher daemon for systemd-networkd.
[[0;32m  OK  [0m] Started Snap Daemon.
         Starting Wait until snapd is fully seeded...
[[0;32m  OK  [0m] Started Wait until snapd is fully seeded.
         Starting Apply the settings specified in cloud-config...
[[0;32m  OK  [0m] Reached target Multi-User System.
[[0;32m  OK  [0m] Reached target Graphical Interface.
         Starting Update UTMP about System Runlevel Changes...
[[0;32m  OK  [0m] Started Update UTMP about System Runlevel Changes.
[[0;32m  OK  [0m] Started Message of the Day.
[   14.126956] cloud-init[1177]: Cloud-init v. 20.2-45-g5f7825e2-0ubuntu1~18.04.1 running 'modules:config' at Wed, 28 Oct 2020 19:20:48 +0000. Up 14.04 seconds.
[[0;32m  OK  [0m] Created slice User Slice of vagrant.
         Starting User Manager for UID 1000...
[[0;32m  OK  [0m] Started Session 1 of user vagrant.
[[0;32m  OK  [0m] Started Apply the settings specified in cloud-config.
         Starting Execute cloud user/final scripts...
[[0;32m  OK  [0m] Started User Manager for UID 1000.
[   14.853911] cloud-init[1263]: Cloud-init v. 20.2-45-g5f7825e2-0ubuntu1~18.04.1 running 'modules:final' at Wed, 28 Oct 2020 19:20:49 +0000. Up 14.67 seconds.
[   14.855568] cloud-init[1263]: Cloud-init v. 20.2-45-g5f7825e2-0ubuntu1~18.04.1 finished at Wed, 28 Oct 2020 19:20:49 +0000. Datasource DataSourceNoCloud [seed=/dev/sdb][dsmode=net].  Up 14.84 seconds
[[0;32m  OK  [0m] Started Execute cloud user/final scripts.
[[0;32m  OK  [0m] Reached target Cloud-init target.
         Starting Daily apt download activities...

Ubuntu 18.04.5 LTS ubuntu-bionic ttyS0

ubuntu-bionic login: 